// Jest Snapshot v1, https://goo.gl/fbAQLP

exports[`Checking if there are all default options 1`] = `
<DocumentFragment>
  <div
    class="sc-bdVaJa vGBRp"
  >
    <div>
      <div
        data-name="recent"
      >
        Recent
      </div>
      <div
        data-name="home"
      >
        Home
      </div>
      <div
        data-name="desktop"
      >
        Desktop
      </div>
      <div
        data-name="download"
      >
        Downloads
      </div>
      <div
        data-name="image"
      >
        Pictures
      </div>
      <div
        data-name="trash"
      >
        Trash
      </div>
    </div>
  </div>
</DocumentFragment>
`;
